[0, 144, 288, 432, 576, 720, 864, 1008, 1152, 1296, 1440, 1584, 1728, 1872, 2016, 2160, 2304, 2448, 2592, 2736, 2880, 3024, 3168, 3312, 3456, 3600, 3744, 3888, 4032, 4176, 4320, 4464, 4608, 4752, 4896, 5040, 5184, 5328, 5472, 5616, 5760, 5904, 6048, 6192, 6336, 6480]
Successfully loaded GPU model: NVIDIA L40S
[build_and_cache] Loading from cache.
[<tfp.bijectors.MaskedAutoregressiveFlow 'masked_autoregressive_flow' batch_shape=[] forward_min_event_ndims=1 inverse_min_event_ndims=1 dtype_x=? dtype_y=?>, <tfp.bijectors.Permute 'perm_0' batch_shape=[] forward_min_event_ndims=1 inverse_min_event_ndims=1 dtype_x=? dtype_y=?>, <tfp.bijectors.MaskedAutoregressiveFlow 'masked_autoregressive_flow' batch_shape=[] forward_min_event_ndims=1 inverse_min_event_ndims=1 dtype_x=? dtype_y=?>, <tfp.bijectors.Permute 'perm_0' batch_shape=[] forward_min_event_ndims=1 inverse_min_event_ndims=1 dtype_x=? dtype_y=?>, <tfp.bijectors.MaskedAutoregressiveFlow 'masked_autoregressive_flow' batch_shape=[] forward_min_event_ndims=1 inverse_min_event_ndims=1 dtype_x=? dtype_y=?>, <tfp.bijectors.Permute 'perm_1' batch_shape=[] forward_min_event_ndims=1 inverse_min_event_ndims=1 dtype_x=? dtype_y=?>, <tfp.bijectors.MaskedAutoregressiveFlow 'masked_autoregressive_flow' batch_shape=[] forward_min_event_ndims=1 inverse_min_event_ndims=1 dtype_x=? dtype_y=?>, <tfp.bijectors.Permute 'perm_1' batch_shape=[] forward_min_event_ndims=1 inverse_min_event_ndims=1 dtype_x=? dtype_y=?>, <tfp.bijectors.MaskedAutoregressiveFlow 'masked_autoregressive_flow' batch_shape=[] forward_min_event_ndims=1 inverse_min_event_ndims=1 dtype_x=? dtype_y=?>, <tfp.bijectors.Permute 'perm_2' batch_shape=[] forward_min_event_ndims=1 inverse_min_event_ndims=1 dtype_x=? dtype_y=?>, <tfp.bijectors.MaskedAutoregressiveFlow 'masked_autoregressive_flow' batch_shape=[] forward_min_event_ndims=1 inverse_min_event_ndims=1 dtype_x=? dtype_y=?>, <tfp.bijectors.Permute 'perm_2' batch_shape=[] forward_min_event_ndims=1 inverse_min_event_ndims=1 dtype_x=? dtype_y=?>, <tfp.bijectors.MaskedAutoregressiveFlow 'masked_autoregressive_flow' batch_shape=[] forward_min_event_ndims=1 inverse_min_event_ndims=1 dtype_x=? dtype_y=?>, <tfp.bijectors.Permute 'perm_3' batch_shape=[] forward_min_event_ndims=1 inverse_min_event_ndims=1 dtype_x=? dtype_y=?>, <tfp.bijectors.MaskedAutoregressiveFlow 'masked_autoregressive_flow' batch_shape=[] forward_min_event_ndims=1 inverse_min_event_ndims=1 dtype_x=? dtype_y=?>, <tfp.bijectors.Permute 'perm_3' batch_shape=[] forward_min_event_ndims=1 inverse_min_event_ndims=1 dtype_x=? dtype_y=?>]
Number of devices: 1
********************************************found custom MAF
********************** using conditionals in a chain *********************
Model defined.
Model: "model"
_________________________________________________________________
 Layer (type)                Output Shape              Param #   
=================================================================
 input_1 (InputLayer)        [(None, 41)]              0         
                                                                 
 log_prob (LogProbLayer)     (None,)                   412464    
                                                                 
=================================================================
Total params: 412,464
Trainable params: 412,464
Non-trainable params: 0
_________________________________________________________________
Model summary:  None
self.optimizer_config: {'class_name': 'Adam', 'config': {'learning_rate': <__main__.main.<locals>.OneCycleSchedule object at 0x7f03d01b90d0>, 'beta_1': 0.9, 'beta_2': 0.999, 'epsilon': 1e-08, 'amsgrad': False, 'clipnorm': None, 'clipvalue': None}}
optimizer: <keras.optimizers.legacy.adam.Adam object at 0x7f03707f4c10>
type(optimizer): <class 'keras.optimizers.legacy.adam.Adam'>
beta_1 set to scheduler function.
Model successfully compiled.
===============
Running 53/1 with hyperparameters:
timestamp = 2025-09-28 18:08:09.452689
ndims = 10
seed_train = 42
nsamples_train = 100000
nsamples_val = 0
nsamples_test = 0
bijector = MsplineN
nbijectors = 4
spline_knots = 8
range_min = -14
hidden_layers = 128-128
trainable_parameters = 412464
epochs_input = 80
batch_size = 10000
activation = relu
training_device = NVIDIA L40S
===============

Epoch 1/80
********************************************found custom MAF
********************** using conditionals in a chain *********************
********************************************found custom MAF
********************** using conditionals in a chain *********************
********************************************found custom MAF
********************** using conditionals in a chain *********************
2025-09-28 18:31:18.728
Epoch 1/80 beta_1: 0.946446   loss: 59.022930, MinusLogProbMetric: 59.022930, val_loss: 16.109902, val_MinusLogProbMetric: 16.109902, lr: 0.000036

Epoch 1: val_loss improved from inf to 16.10990, saving model to /auto_home/users/acosso/Thesis/outputs/run_53/weights/best_weights.h5
4536/4536 - 1384s - loss: 59.0229 - MinusLogProbMetric: 59.0229 - val_loss: 16.1099 - val_MinusLogProbMetric: 16.1099 - lr: 3.6333e-05 - 1384s/epoch - 305ms/step
Epoch 2/80
2025-09-28 18:52:00.043
Epoch 2/80 beta_1: 0.944155   loss: 13.142689, MinusLogProbMetric: 13.142689, val_loss: 11.207374, val_MinusLogProbMetric: 11.207374, lr: 0.000063

Epoch 2: val_loss improved from 16.10990 to 11.20737, saving model to /auto_home/users/acosso/Thesis/outputs/run_53/weights/best_weights.h5
4536/4536 - 1241s - loss: 13.1427 - MinusLogProbMetric: 13.1427 - val_loss: 11.2074 - val_MinusLogProbMetric: 11.2074 - lr: 6.2667e-05 - 1241s/epoch - 274ms/step
Epoch 3/80
2025-09-28 19:12:44.769
Epoch 3/80 beta_1: 0.941864   loss: 10.367392, MinusLogProbMetric: 10.367392, val_loss: 9.553039, val_MinusLogProbMetric: 9.553039, lr: 0.000089

Epoch 3: val_loss improved from 11.20737 to 9.55304, saving model to /auto_home/users/acosso/Thesis/outputs/run_53/weights/best_weights.h5
4536/4536 - 1237s - loss: 10.3674 - MinusLogProbMetric: 10.3674 - val_loss: 9.5530 - val_MinusLogProbMetric: 9.5530 - lr: 8.9000e-05 - 1237s/epoch - 273ms/step
Epoch 4/80
2025-09-28 19:33:22.489
Epoch 4/80 beta_1: 0.939572   loss: 9.490152, MinusLogProbMetric: 9.490152, val_loss: 8.697681, val_MinusLogProbMetric: 8.697681, lr: 0.000115

Epoch 4: val_loss improved from 9.55304 to 8.69768, saving model to /auto_home/users/acosso/Thesis/outputs/run_53/weights/best_weights.h5
4536/4536 - 1231s - loss: 9.4902 - MinusLogProbMetric: 9.4902 - val_loss: 8.6977 - val_MinusLogProbMetric: 8.6977 - lr: 1.1533e-04 - 1231s/epoch - 271ms/step
Epoch 5/80
2025-09-28 19:54:19.782
Epoch 5/80 beta_1: 0.937281   loss: 9.378236, MinusLogProbMetric: 9.378236, val_loss: 9.745447, val_MinusLogProbMetric: 9.745447, lr: 0.000142

Epoch 5: val_loss did not improve from 8.69768
4536/4536 - 1252s - loss: 9.3782 - MinusLogProbMetric: 9.3782 - val_loss: 9.7454 - val_MinusLogProbMetric: 9.7454 - lr: 1.4167e-04 - 1252s/epoch - 276ms/step
Epoch 6/80
2025-09-28 20:14:56.577
Epoch 6/80 beta_1: 0.934990   loss: 9.192039, MinusLogProbMetric: 9.192039, val_loss: 9.183562, val_MinusLogProbMetric: 9.183562, lr: 0.000168

Epoch 6: val_loss did not improve from 8.69768
4536/4536 - 1234s - loss: 9.1920 - MinusLogProbMetric: 9.1920 - val_loss: 9.1836 - val_MinusLogProbMetric: 9.1836 - lr: 1.6800e-04 - 1234s/epoch - 272ms/step
Epoch 7/80
2025-09-28 20:35:31.469
Epoch 7/80 beta_1: 0.932699   loss: 8.867888, MinusLogProbMetric: 8.867888, val_loss: 7.745572, val_MinusLogProbMetric: 7.745572, lr: 0.000194

Epoch 7: val_loss improved from 8.69768 to 7.74557, saving model to /auto_home/users/acosso/Thesis/outputs/run_53/weights/best_weights.h5
4536/4536 - 1230s - loss: 8.8679 - MinusLogProbMetric: 8.8679 - val_loss: 7.7456 - val_MinusLogProbMetric: 7.7456 - lr: 1.9433e-04 - 1230s/epoch - 271ms/step
Epoch 8/80
2025-09-28 20:55:58.084
Epoch 8/80 beta_1: 0.930407   loss: 8.370943, MinusLogProbMetric: 8.370943, val_loss: 8.469869, val_MinusLogProbMetric: 8.469869, lr: 0.000221

Epoch 8: val_loss did not improve from 7.74557
4536/4536 - 1222s - loss: 8.3709 - MinusLogProbMetric: 8.3709 - val_loss: 8.4699 - val_MinusLogProbMetric: 8.4699 - lr: 2.2067e-04 - 1222s/epoch - 269ms/step
Epoch 9/80
2025-09-28 21:16:35.101
Epoch 9/80 beta_1: 0.928116   loss: 7.954764, MinusLogProbMetric: 7.954764, val_loss: 7.959788, val_MinusLogProbMetric: 7.959788, lr: 0.000247

Epoch 9: val_loss did not improve from 7.74557
4536/4536 - 1229s - loss: 7.9548 - MinusLogProbMetric: 7.9548 - val_loss: 7.9598 - val_MinusLogProbMetric: 7.9598 - lr: 2.4700e-04 - 1229s/epoch - 271ms/step
Epoch 10/80
2025-09-28 21:37:13.229
Epoch 10/80 beta_1: 0.925825   loss: 7.731870, MinusLogProbMetric: 7.731870, val_loss: 7.620607, val_MinusLogProbMetric: 7.620607, lr: 0.000273

Epoch 10: val_loss improved from 7.74557 to 7.62061, saving model to /auto_home/users/acosso/Thesis/outputs/run_53/weights/best_weights.h5
4536/4536 - 1234s - loss: 7.7319 - MinusLogProbMetric: 7.7319 - val_loss: 7.6206 - val_MinusLogProbMetric: 7.6206 - lr: 2.7333e-04 - 1234s/epoch - 272ms/step
Epoch 11/80
2025-09-28 21:57:56.359
Epoch 11/80 beta_1: 0.923534   loss: 7.478176, MinusLogProbMetric: 7.478176, val_loss: 6.538435, val_MinusLogProbMetric: 6.538435, lr: 0.000300

Epoch 11: val_loss improved from 7.62061 to 6.53843, saving model to /auto_home/users/acosso/Thesis/outputs/run_53/weights/best_weights.h5
4536/4536 - 1236s - loss: 7.4782 - MinusLogProbMetric: 7.4782 - val_loss: 6.5384 - val_MinusLogProbMetric: 6.5384 - lr: 2.9967e-04 - 1236s/epoch - 273ms/step
Epoch 12/80
2025-09-28 22:18:35.193
Epoch 12/80 beta_1: 0.921242   loss: 7.333853, MinusLogProbMetric: 7.333853, val_loss: 9.273591, val_MinusLogProbMetric: 9.273591, lr: 0.000326

Epoch 12: val_loss did not improve from 6.53843
4536/4536 - 1234s - loss: 7.3339 - MinusLogProbMetric: 7.3339 - val_loss: 9.2736 - val_MinusLogProbMetric: 9.2736 - lr: 3.2600e-04 - 1234s/epoch - 272ms/step
Epoch 13/80
2025-09-28 22:39:28.712
Epoch 13/80 beta_1: 0.918951   loss: 7.141125, MinusLogProbMetric: 7.141125, val_loss: 8.492549, val_MinusLogProbMetric: 8.492549, lr: 0.000352

Epoch 13: val_loss did not improve from 6.53843
4536/4536 - 1249s - loss: 7.1411 - MinusLogProbMetric: 7.1411 - val_loss: 8.4925 - val_MinusLogProbMetric: 8.4925 - lr: 3.5233e-04 - 1249s/epoch - 275ms/step
Epoch 14/80
2025-09-28 23:00:24.156
Epoch 14/80 beta_1: 0.916660   loss: 6.986244, MinusLogProbMetric: 6.986244, val_loss: 6.524812, val_MinusLogProbMetric: 6.524812, lr: 0.000379

Epoch 14: val_loss improved from 6.53843 to 6.52481, saving model to /auto_home/users/acosso/Thesis/outputs/run_53/weights/best_weights.h5
4536/4536 - 1252s - loss: 6.9862 - MinusLogProbMetric: 6.9862 - val_loss: 6.5248 - val_MinusLogProbMetric: 6.5248 - lr: 3.7867e-04 - 1252s/epoch - 276ms/step
Epoch 15/80
2025-09-28 23:21:02.981
Epoch 15/80 beta_1: 0.914369   loss: 6.855688, MinusLogProbMetric: 6.855688, val_loss: 8.257719, val_MinusLogProbMetric: 8.257719, lr: 0.000405

Epoch 15: val_loss did not improve from 6.52481
4536/4536 - 1233s - loss: 6.8557 - MinusLogProbMetric: 6.8557 - val_loss: 8.2577 - val_MinusLogProbMetric: 8.2577 - lr: 4.0500e-04 - 1233s/epoch - 272ms/step
Epoch 16/80
2025-09-28 23:41:54.963
Epoch 16/80 beta_1: 0.912077   loss: 6.769763, MinusLogProbMetric: 6.769763, val_loss: 5.975355, val_MinusLogProbMetric: 5.975355, lr: 0.000431

Epoch 16: val_loss improved from 6.52481 to 5.97535, saving model to /auto_home/users/acosso/Thesis/outputs/run_53/weights/best_weights.h5
4536/4536 - 1247s - loss: 6.7698 - MinusLogProbMetric: 6.7698 - val_loss: 5.9754 - val_MinusLogProbMetric: 5.9754 - lr: 4.3133e-04 - 1247s/epoch - 275ms/step
Epoch 17/80
2025-09-29 00:02:48.310
Epoch 17/80 beta_1: 0.909786   loss: 6.581298, MinusLogProbMetric: 6.581298, val_loss: 6.128971, val_MinusLogProbMetric: 6.128971, lr: 0.000458

Epoch 17: val_loss did not improve from 5.97535
4536/4536 - 1248s - loss: 6.5813 - MinusLogProbMetric: 6.5813 - val_loss: 6.1290 - val_MinusLogProbMetric: 6.1290 - lr: 4.5767e-04 - 1248s/epoch - 275ms/step
Epoch 18/80
2025-09-29 00:23:47.426
Epoch 18/80 beta_1: 0.907495   loss: 7.056697, MinusLogProbMetric: 7.056697, val_loss: 6.684800, val_MinusLogProbMetric: 6.684800, lr: 0.000484

Epoch 18: val_loss did not improve from 5.97535
4536/4536 - 1253s - loss: 7.0567 - MinusLogProbMetric: 7.0567 - val_loss: 6.6848 - val_MinusLogProbMetric: 6.6848 - lr: 4.8400e-04 - 1253s/epoch - 276ms/step
Epoch 19/80
2025-09-29 00:44:40.553
Epoch 19/80 beta_1: 0.905204   loss: 6.451891, MinusLogProbMetric: 6.451891, val_loss: 5.538975, val_MinusLogProbMetric: 5.538975, lr: 0.000510

Epoch 19: val_loss improved from 5.97535 to 5.53897, saving model to /auto_home/users/acosso/Thesis/outputs/run_53/weights/best_weights.h5
4536/4536 - 1249s - loss: 6.4519 - MinusLogProbMetric: 6.4519 - val_loss: 5.5390 - val_MinusLogProbMetric: 5.5390 - lr: 5.1033e-04 - 1249s/epoch - 275ms/step
Epoch 20/80
2025-09-29 01:05:15.257
Epoch 20/80 beta_1: 0.902912   loss: 6.200194, MinusLogProbMetric: 6.200194, val_loss: 6.020598, val_MinusLogProbMetric: 6.020598, lr: 0.000537

Epoch 20: val_loss did not improve from 5.53897
4536/4536 - 1231s - loss: 6.2002 - MinusLogProbMetric: 6.2002 - val_loss: 6.0206 - val_MinusLogProbMetric: 6.0206 - lr: 5.3667e-04 - 1231s/epoch - 271ms/step
Epoch 21/80
2025-09-29 01:26:00.878
Epoch 21/80 beta_1: 0.900621   loss: 5.986023, MinusLogProbMetric: 5.986023, val_loss: 5.290814, val_MinusLogProbMetric: 5.290814, lr: 0.000563

Epoch 21: val_loss improved from 5.53897 to 5.29081, saving model to /auto_home/users/acosso/Thesis/outputs/run_53/weights/best_weights.h5
4536/4536 - 1241s - loss: 5.9860 - MinusLogProbMetric: 5.9860 - val_loss: 5.2908 - val_MinusLogProbMetric: 5.2908 - lr: 5.6300e-04 - 1241s/epoch - 274ms/step
Epoch 22/80
2025-09-29 01:46:51.922
Epoch 22/80 beta_1: 0.898330   loss: 5.840638, MinusLogProbMetric: 5.840638, val_loss: 6.824732, val_MinusLogProbMetric: 6.824732, lr: 0.000589

Epoch 22: val_loss did not improve from 5.29081
4536/4536 - 1245s - loss: 5.8406 - MinusLogProbMetric: 5.8406 - val_loss: 6.8247 - val_MinusLogProbMetric: 6.8247 - lr: 5.8933e-04 - 1245s/epoch - 274ms/step
Epoch 23/80
2025-09-29 02:07:31.333
Epoch 23/80 beta_1: 0.896039   loss: 5.820728, MinusLogProbMetric: 5.820728, val_loss: 5.144906, val_MinusLogProbMetric: 5.144906, lr: 0.000616

Epoch 23: val_loss improved from 5.29081 to 5.14491, saving model to /auto_home/users/acosso/Thesis/outputs/run_53/weights/best_weights.h5
4536/4536 - 1236s - loss: 5.8207 - MinusLogProbMetric: 5.8207 - val_loss: 5.1449 - val_MinusLogProbMetric: 5.1449 - lr: 6.1567e-04 - 1236s/epoch - 273ms/step
Epoch 24/80
2025-09-29 02:28:09.016
Epoch 24/80 beta_1: 0.893748   loss: 5.650885, MinusLogProbMetric: 5.650885, val_loss: 5.444932, val_MinusLogProbMetric: 5.444932, lr: 0.000642

Epoch 24: val_loss did not improve from 5.14491
4536/4536 - 1232s - loss: 5.6509 - MinusLogProbMetric: 5.6509 - val_loss: 5.4449 - val_MinusLogProbMetric: 5.4449 - lr: 6.4200e-04 - 1232s/epoch - 272ms/step
Epoch 25/80
2025-09-29 02:48:47.107
Epoch 25/80 beta_1: 0.891456   loss: 5.520853, MinusLogProbMetric: 5.520853, val_loss: 5.207850, val_MinusLogProbMetric: 5.207850, lr: 0.000668

Epoch 25: val_loss did not improve from 5.14491
4536/4536 - 1232s - loss: 5.5209 - MinusLogProbMetric: 5.5209 - val_loss: 5.2079 - val_MinusLogProbMetric: 5.2079 - lr: 6.6833e-04 - 1232s/epoch - 272ms/step
Epoch 26/80
2025-09-29 03:09:25.744
Epoch 26/80 beta_1: 0.889165   loss: 5.473585, MinusLogProbMetric: 5.473585, val_loss: 4.771344, val_MinusLogProbMetric: 4.771344, lr: 0.000695

Epoch 26: val_loss improved from 5.14491 to 4.77134, saving model to /auto_home/users/acosso/Thesis/outputs/run_53/weights/best_weights.h5
4536/4536 - 1234s - loss: 5.4736 - MinusLogProbMetric: 5.4736 - val_loss: 4.7713 - val_MinusLogProbMetric: 4.7713 - lr: 6.9467e-04 - 1234s/epoch - 272ms/step
Epoch 27/80
2025-09-29 03:30:20.405
Epoch 27/80 beta_1: 0.886874   loss: 5.400628, MinusLogProbMetric: 5.400628, val_loss: 6.473803, val_MinusLogProbMetric: 6.473803, lr: 0.000721

Epoch 27: val_loss did not improve from 4.77134
4536/4536 - 1249s - loss: 5.4006 - MinusLogProbMetric: 5.4006 - val_loss: 6.4738 - val_MinusLogProbMetric: 6.4738 - lr: 7.2100e-04 - 1249s/epoch - 275ms/step
Epoch 28/80
2025-09-29 03:51:11.895
Epoch 28/80 beta_1: 0.884583   loss: 5.350211, MinusLogProbMetric: 5.350211, val_loss: 4.769134, val_MinusLogProbMetric: 4.769134, lr: 0.000747

Epoch 28: val_loss improved from 4.77134 to 4.76913, saving model to /auto_home/users/acosso/Thesis/outputs/run_53/weights/best_weights.h5
4536/4536 - 1248s - loss: 5.3502 - MinusLogProbMetric: 5.3502 - val_loss: 4.7691 - val_MinusLogProbMetric: 4.7691 - lr: 7.4733e-04 - 1248s/epoch - 275ms/step
Epoch 29/80
2025-09-29 04:11:50.399
Epoch 29/80 beta_1: 0.882291   loss: 5.257253, MinusLogProbMetric: 5.257253, val_loss: 4.753157, val_MinusLogProbMetric: 4.753157, lr: 0.000774

Epoch 29: val_loss improved from 4.76913 to 4.75316, saving model to /auto_home/users/acosso/Thesis/outputs/run_53/weights/best_weights.h5
4536/4536 - 1235s - loss: 5.2573 - MinusLogProbMetric: 5.2573 - val_loss: 4.7532 - val_MinusLogProbMetric: 4.7532 - lr: 7.7367e-04 - 1235s/epoch - 272ms/step
Epoch 30/80
2025-09-29 04:32:43.919
Epoch 30/80 beta_1: 0.880000   loss: 5.199541, MinusLogProbMetric: 5.199541, val_loss: 4.598098, val_MinusLogProbMetric: 4.598098, lr: 0.000800

Epoch 30: val_loss improved from 4.75316 to 4.59810, saving model to /auto_home/users/acosso/Thesis/outputs/run_53/weights/best_weights.h5
4536/4536 - 1248s - loss: 5.1995 - MinusLogProbMetric: 5.1995 - val_loss: 4.5981 - val_MinusLogProbMetric: 4.5981 - lr: 8.0000e-04 - 1248s/epoch - 275ms/step
Epoch 31/80
2025-09-29 04:53:33.490
Epoch 31/80 beta_1: 0.880080   loss: 5.213489, MinusLogProbMetric: 5.213489, val_loss: 4.604832, val_MinusLogProbMetric: 4.604832, lr: 0.000799

Epoch 31: val_loss did not improve from 4.59810
4536/4536 - 1243s - loss: 5.2135 - MinusLogProbMetric: 5.2135 - val_loss: 4.6048 - val_MinusLogProbMetric: 4.6048 - lr: 7.9908e-04 - 1243s/epoch - 274ms/step
Epoch 32/80
2025-09-29 05:14:28.068
Epoch 32/80 beta_1: 0.880320   loss: 5.079823, MinusLogProbMetric: 5.079823, val_loss: 5.834968, val_MinusLogProbMetric: 5.834968, lr: 0.000796

Epoch 32: val_loss did not improve from 4.59810
4536/4536 - 1248s - loss: 5.0798 - MinusLogProbMetric: 5.0798 - val_loss: 5.8350 - val_MinusLogProbMetric: 5.8350 - lr: 7.9632e-04 - 1248s/epoch - 275ms/step
Epoch 33/80
2025-09-29 05:35:08.106
Epoch 33/80 beta_1: 0.880719   loss: 4.971548, MinusLogProbMetric: 4.971548, val_loss: 5.283236, val_MinusLogProbMetric: 5.283236, lr: 0.000792

Epoch 33: val_loss did not improve from 4.59810
4536/4536 - 1235s - loss: 4.9715 - MinusLogProbMetric: 4.9715 - val_loss: 5.2832 - val_MinusLogProbMetric: 5.2832 - lr: 7.9174e-04 - 1235s/epoch - 272ms/step
Epoch 34/80
2025-09-29 05:56:06.998
Epoch 34/80 beta_1: 0.881274   loss: 4.800607, MinusLogProbMetric: 4.800607, val_loss: 5.273307, val_MinusLogProbMetric: 5.273307, lr: 0.000785

Epoch 34: val_loss did not improve from 4.59810
4536/4536 - 1251s - loss: 4.8006 - MinusLogProbMetric: 4.8006 - val_loss: 5.2733 - val_MinusLogProbMetric: 5.2733 - lr: 7.8535e-04 - 1251s/epoch - 276ms/step
Epoch 35/80
2025-09-29 06:16:50.468
Epoch 35/80 beta_1: 0.881984   loss: 4.721391, MinusLogProbMetric: 4.721391, val_loss: 4.192283, val_MinusLogProbMetric: 4.192283, lr: 0.000777

Epoch 35: val_loss improved from 4.59810 to 4.19228, saving model to /auto_home/users/acosso/Thesis/outputs/run_53/weights/best_weights.h5
4536/4536 - 1239s - loss: 4.7214 - MinusLogProbMetric: 4.7214 - val_loss: 4.1923 - val_MinusLogProbMetric: 4.1923 - lr: 7.7719e-04 - 1239s/epoch - 273ms/step
Epoch 36/80
2025-09-29 06:37:30.954
Epoch 36/80 beta_1: 0.882845   loss: 4.605649, MinusLogProbMetric: 4.605649, val_loss: 4.832491, val_MinusLogProbMetric: 4.832491, lr: 0.000767

Epoch 36: val_loss did not improve from 4.19228
4536/4536 - 1235s - loss: 4.6056 - MinusLogProbMetric: 4.6056 - val_loss: 4.8325 - val_MinusLogProbMetric: 4.8325 - lr: 7.6730e-04 - 1235s/epoch - 272ms/step
Epoch 37/80
2025-09-29 06:58:28.010
Epoch 37/80 beta_1: 0.883853   loss: 4.511285, MinusLogProbMetric: 4.511285, val_loss: 3.839208, val_MinusLogProbMetric: 3.839208, lr: 0.000756

Epoch 37: val_loss improved from 4.19228 to 3.83921, saving model to /auto_home/users/acosso/Thesis/outputs/run_53/weights/best_weights.h5
4536/4536 - 1252s - loss: 4.5113 - MinusLogProbMetric: 4.5113 - val_loss: 3.8392 - val_MinusLogProbMetric: 3.8392 - lr: 7.5571e-04 - 1252s/epoch - 276ms/step
Epoch 38/80
2025-09-29 07:19:09.359
Epoch 38/80 beta_1: 0.885003   loss: 4.367915, MinusLogProbMetric: 4.367915, val_loss: 4.750859, val_MinusLogProbMetric: 4.750859, lr: 0.000742

Epoch 38: val_loss did not improve from 3.83921
4536/4536 - 1237s - loss: 4.3679 - MinusLogProbMetric: 4.3679 - val_loss: 4.7509 - val_MinusLogProbMetric: 4.7509 - lr: 7.4250e-04 - 1237s/epoch - 273ms/step
Epoch 39/80
2025-09-29 07:39:49.385
Epoch 39/80 beta_1: 0.886290   loss: 4.250292, MinusLogProbMetric: 4.250292, val_loss: 4.134959, val_MinusLogProbMetric: 4.134959, lr: 0.000728

Epoch 39: val_loss did not improve from 3.83921
4536/4536 - 1237s - loss: 4.2503 - MinusLogProbMetric: 4.2503 - val_loss: 4.1350 - val_MinusLogProbMetric: 4.1350 - lr: 7.2770e-04 - 1237s/epoch - 273ms/step
Epoch 40/80
2025-09-29 08:00:23.016
Epoch 40/80 beta_1: 0.887708   loss: 4.137659, MinusLogProbMetric: 4.137659, val_loss: 3.894402, val_MinusLogProbMetric: 3.894402, lr: 0.000711

Epoch 40: val_loss did not improve from 3.83921
4536/4536 - 1230s - loss: 4.1377 - MinusLogProbMetric: 4.1377 - val_loss: 3.8944 - val_MinusLogProbMetric: 3.8944 - lr: 7.1141e-04 - 1230s/epoch - 271ms/step
Epoch 41/80
2025-09-29 08:20:53.803
Epoch 41/80 beta_1: 0.889251   loss: 4.033832, MinusLogProbMetric: 4.033832, val_loss: 3.331162, val_MinusLogProbMetric: 3.331162, lr: 0.000694

Epoch 41: val_loss improved from 3.83921 to 3.33116, saving model to /auto_home/users/acosso/Thesis/outputs/run_53/weights/best_weights.h5
4536/4536 - 1226s - loss: 4.0338 - MinusLogProbMetric: 4.0338 - val_loss: 3.3312 - val_MinusLogProbMetric: 3.3312 - lr: 6.9368e-04 - 1226s/epoch - 270ms/step
Epoch 42/80
2025-09-29 08:41:48.452
Epoch 42/80 beta_1: 0.890910   loss: 3.911242, MinusLogProbMetric: 3.911242, val_loss: 4.633106, val_MinusLogProbMetric: 4.633106, lr: 0.000675

Epoch 42: val_loss did not improve from 3.33116
4536/4536 - 1249s - loss: 3.9112 - MinusLogProbMetric: 3.9112 - val_loss: 4.6331 - val_MinusLogProbMetric: 4.6331 - lr: 6.7461e-04 - 1249s/epoch - 275ms/step
Epoch 43/80
2025-09-29 09:02:30.027
Epoch 43/80 beta_1: 0.892679   loss: 3.808149, MinusLogProbMetric: 3.808149, val_loss: 5.078298, val_MinusLogProbMetric: 5.078298, lr: 0.000654

Epoch 43: val_loss did not improve from 3.33116
4536/4536 - 1237s - loss: 3.8081 - MinusLogProbMetric: 3.8081 - val_loss: 5.0783 - val_MinusLogProbMetric: 5.0783 - lr: 6.5428e-04 - 1237s/epoch - 273ms/step
Epoch 44/80
2025-09-29 09:23:05.531
Epoch 44/80 beta_1: 0.894549   loss: 3.648424, MinusLogProbMetric: 3.648424, val_loss: 2.845891, val_MinusLogProbMetric: 2.845891, lr: 0.000633

Epoch 44: val_loss improved from 3.33116 to 2.84589, saving model to /auto_home/users/acosso/Thesis/outputs/run_53/weights/best_weights.h5
4536/4536 - 1232s - loss: 3.6484 - MinusLogProbMetric: 3.6484 - val_loss: 2.8459 - val_MinusLogProbMetric: 2.8459 - lr: 6.3279e-04 - 1232s/epoch - 272ms/step
Epoch 45/80
2025-09-29 09:44:07.815
Epoch 45/80 beta_1: 0.896511   loss: 3.513777, MinusLogProbMetric: 3.513777, val_loss: 3.082466, val_MinusLogProbMetric: 3.082466, lr: 0.000610

Epoch 45: val_loss did not improve from 2.84589
4536/4536 - 1256s - loss: 3.5138 - MinusLogProbMetric: 3.5138 - val_loss: 3.0825 - val_MinusLogProbMetric: 3.0825 - lr: 6.1024e-04 - 1256s/epoch - 277ms/step
Epoch 46/80
2025-09-29 10:04:40.365
Epoch 46/80 beta_1: 0.898557   loss: 3.382429, MinusLogProbMetric: 3.382429, val_loss: 2.718671, val_MinusLogProbMetric: 2.718671, lr: 0.000587

Epoch 46: val_loss improved from 2.84589 to 2.71867, saving model to /auto_home/users/acosso/Thesis/outputs/run_53/weights/best_weights.h5
4536/4536 - 1228s - loss: 3.3824 - MinusLogProbMetric: 3.3824 - val_loss: 2.7187 - val_MinusLogProbMetric: 2.7187 - lr: 5.8673e-04 - 1228s/epoch - 271ms/step
Epoch 47/80
2025-09-29 10:25:14.238
Epoch 47/80 beta_1: 0.900676   loss: 3.281577, MinusLogProbMetric: 3.281577, val_loss: 3.169285, val_MinusLogProbMetric: 3.169285, lr: 0.000562

Epoch 47: val_loss did not improve from 2.71867
4536/4536 - 1228s - loss: 3.2816 - MinusLogProbMetric: 3.2816 - val_loss: 3.1693 - val_MinusLogProbMetric: 3.1693 - lr: 5.6237e-04 - 1228s/epoch - 271ms/step
Epoch 48/80
2025-09-29 10:45:52.916
Epoch 48/80 beta_1: 0.902859   loss: 3.138289, MinusLogProbMetric: 3.138289, val_loss: 2.637951, val_MinusLogProbMetric: 2.637951, lr: 0.000537

Epoch 48: val_loss improved from 2.71867 to 2.63795, saving model to /auto_home/users/acosso/Thesis/outputs/run_53/weights/best_weights.h5
4536/4536 - 1234s - loss: 3.1383 - MinusLogProbMetric: 3.1383 - val_loss: 2.6380 - val_MinusLogProbMetric: 2.6380 - lr: 5.3728e-04 - 1234s/epoch - 272ms/step
Epoch 49/80
2025-09-29 11:06:25.593
Epoch 49/80 beta_1: 0.905096   loss: 2.978070, MinusLogProbMetric: 2.978070, val_loss: 2.602052, val_MinusLogProbMetric: 2.602052, lr: 0.000512

Epoch 49: val_loss improved from 2.63795 to 2.60205, saving model to /auto_home/users/acosso/Thesis/outputs/run_53/weights/best_weights.h5
4536/4536 - 1227s - loss: 2.9781 - MinusLogProbMetric: 2.9781 - val_loss: 2.6021 - val_MinusLogProbMetric: 2.6021 - lr: 5.1157e-04 - 1227s/epoch - 270ms/step
Epoch 50/80
2025-09-29 11:27:07.570
Epoch 50/80 beta_1: 0.907376   loss: 2.924380, MinusLogProbMetric: 2.924380, val_loss: 2.690992, val_MinusLogProbMetric: 2.690992, lr: 0.000485

Epoch 50: val_loss did not improve from 2.60205
4536/4536 - 1238s - loss: 2.9244 - MinusLogProbMetric: 2.9244 - val_loss: 2.6910 - val_MinusLogProbMetric: 2.6910 - lr: 4.8537e-04 - 1238s/epoch - 273ms/step
Epoch 51/80
2025-09-29 11:47:52.530
Epoch 51/80 beta_1: 0.909689   loss: 2.722619, MinusLogProbMetric: 2.722619, val_loss: 2.582584, val_MinusLogProbMetric: 2.582584, lr: 0.000459

Epoch 51: val_loss improved from 2.60205 to 2.58258, saving model to /auto_home/users/acosso/Thesis/outputs/run_53/weights/best_weights.h5
4536/4536 - 1243s - loss: 2.7226 - MinusLogProbMetric: 2.7226 - val_loss: 2.5826 - val_MinusLogProbMetric: 2.5826 - lr: 4.5879e-04 - 1243s/epoch - 274ms/step
Epoch 52/80
2025-09-29 12:08:25.782
Epoch 52/80 beta_1: 0.912023   loss: 2.517515, MinusLogProbMetric: 2.517515, val_loss: 2.159710, val_MinusLogProbMetric: 2.159710, lr: 0.000432

Epoch 52: val_loss improved from 2.58258 to 2.15971, saving model to /auto_home/users/acosso/Thesis/outputs/run_53/weights/best_weights.h5
4536/4536 - 1227s - loss: 2.5175 - MinusLogProbMetric: 2.5175 - val_loss: 2.1597 - val_MinusLogProbMetric: 2.1597 - lr: 4.3196e-04 - 1227s/epoch - 271ms/step
Epoch 53/80
2025-09-29 12:29:05.684
Epoch 53/80 beta_1: 0.914369   loss: 2.389625, MinusLogProbMetric: 2.389625, val_loss: 2.562263, val_MinusLogProbMetric: 2.562263, lr: 0.000405

Epoch 53: val_loss did not improve from 2.15971
4536/4536 - 1232s - loss: 2.3896 - MinusLogProbMetric: 2.3896 - val_loss: 2.5623 - val_MinusLogProbMetric: 2.5623 - lr: 4.0500e-04 - 1232s/epoch - 272ms/step
Epoch 54/80
2025-09-29 12:49:57.407
Epoch 54/80 beta_1: 0.916714   loss: 2.449828, MinusLogProbMetric: 2.449828, val_loss: 3.065418, val_MinusLogProbMetric: 3.065418, lr: 0.000378

Epoch 54: val_loss did not improve from 2.15971
4536/4536 - 1246s - loss: 2.4498 - MinusLogProbMetric: 2.4498 - val_loss: 3.0654 - val_MinusLogProbMetric: 3.0654 - lr: 3.7804e-04 - 1246s/epoch - 275ms/step
Epoch 55/80
2025-09-29 13:10:33.286
Epoch 55/80 beta_1: 0.919049   loss: 2.025643, MinusLogProbMetric: 2.025643, val_loss: 2.279028, val_MinusLogProbMetric: 2.279028, lr: 0.000351

Epoch 55: val_loss did not improve from 2.15971
4536/4536 - 1233s - loss: 2.0256 - MinusLogProbMetric: 2.0256 - val_loss: 2.2790 - val_MinusLogProbMetric: 2.2790 - lr: 3.5121e-04 - 1233s/epoch - 272ms/step
Epoch 56/80
2025-09-29 13:31:08.050
Epoch 56/80 beta_1: 0.921361   loss: 1.862529, MinusLogProbMetric: 1.862529, val_loss: 1.463563, val_MinusLogProbMetric: 1.463563, lr: 0.000325

Epoch 56: val_loss improved from 2.15971 to 1.46356, saving model to /auto_home/users/acosso/Thesis/outputs/run_53/weights/best_weights.h5
4536/4536 - 1232s - loss: 1.8625 - MinusLogProbMetric: 1.8625 - val_loss: 1.4636 - val_MinusLogProbMetric: 1.4636 - lr: 3.2463e-04 - 1232s/epoch - 272ms/step
Epoch 57/80
2025-09-29 13:51:45.526
Epoch 57/80 beta_1: 0.923641   loss: 1.723842, MinusLogProbMetric: 1.723842, val_loss: 1.640005, val_MinusLogProbMetric: 1.640005, lr: 0.000298

Epoch 57: val_loss did not improve from 1.46356
4536/4536 - 1233s - loss: 1.7238 - MinusLogProbMetric: 1.7238 - val_loss: 1.6400 - val_MinusLogProbMetric: 1.6400 - lr: 2.9843e-04 - 1233s/epoch - 272ms/step
Epoch 58/80
2025-09-29 14:12:11.362
Epoch 58/80 beta_1: 0.925878   loss: 1.520348, MinusLogProbMetric: 1.520348, val_loss: 3.227778, val_MinusLogProbMetric: 3.227778, lr: 0.000273

Epoch 58: val_loss did not improve from 1.46356
4536/4536 - 1222s - loss: 1.5203 - MinusLogProbMetric: 1.5203 - val_loss: 3.2278 - val_MinusLogProbMetric: 3.2278 - lr: 2.7272e-04 - 1222s/epoch - 270ms/step
Epoch 59/80
2025-09-29 14:32:36.887
Epoch 59/80 beta_1: 0.928061   loss: 1.332330, MinusLogProbMetric: 1.332330, val_loss: 1.302084, val_MinusLogProbMetric: 1.302084, lr: 0.000248

Epoch 59: val_loss improved from 1.46356 to 1.30208, saving model to /auto_home/users/acosso/Thesis/outputs/run_53/weights/best_weights.h5
4536/4536 - 1221s - loss: 1.3323 - MinusLogProbMetric: 1.3323 - val_loss: 1.3021 - val_MinusLogProbMetric: 1.3021 - lr: 2.4763e-04 - 1221s/epoch - 269ms/step
Epoch 60/80
2025-09-29 14:53:05.418
Epoch 60/80 beta_1: 0.930181   loss: 1.097643, MinusLogProbMetric: 1.097643, val_loss: 1.108877, val_MinusLogProbMetric: 1.108877, lr: 0.000223

Epoch 60: val_loss improved from 1.30208 to 1.10888, saving model to /auto_home/users/acosso/Thesis/outputs/run_53/weights/best_weights.h5
4536/4536 - 1224s - loss: 1.0976 - MinusLogProbMetric: 1.0976 - val_loss: 1.1089 - val_MinusLogProbMetric: 1.1089 - lr: 2.2327e-04 - 1224s/epoch - 270ms/step
Epoch 61/80
2025-09-29 15:13:53.764
Epoch 61/80 beta_1: 0.932226   loss: 0.937248, MinusLogProbMetric: 0.937248, val_loss: 0.708233, val_MinusLogProbMetric: 0.708233, lr: 0.000200

Epoch 61: val_loss improved from 1.10888 to 0.70823, saving model to /auto_home/users/acosso/Thesis/outputs/run_53/weights/best_weights.h5
4536/4536 - 1241s - loss: 0.9372 - MinusLogProbMetric: 0.9372 - val_loss: 0.7082 - val_MinusLogProbMetric: 0.7082 - lr: 1.9976e-04 - 1241s/epoch - 274ms/step
Epoch 62/80
2025-09-29 15:34:22.718
Epoch 62/80 beta_1: 0.934188   loss: 0.746491, MinusLogProbMetric: 0.746491, val_loss: 0.764578, val_MinusLogProbMetric: 0.764578, lr: 0.000177

Epoch 62: val_loss did not improve from 0.70823
4536/4536 - 1226s - loss: 0.7465 - MinusLogProbMetric: 0.7465 - val_loss: 0.7646 - val_MinusLogProbMetric: 0.7646 - lr: 1.7721e-04 - 1226s/epoch - 270ms/step
Epoch 63/80
2025-09-29 15:54:49.204
Epoch 63/80 beta_1: 0.936058   loss: 0.566333, MinusLogProbMetric: 0.566333, val_loss: 0.419135, val_MinusLogProbMetric: 0.419135, lr: 0.000156

Epoch 63: val_loss improved from 0.70823 to 0.41914, saving model to /auto_home/users/acosso/Thesis/outputs/run_53/weights/best_weights.h5
4536/4536 - 1224s - loss: 0.5663 - MinusLogProbMetric: 0.5663 - val_loss: 0.4191 - val_MinusLogProbMetric: 0.4191 - lr: 1.5572e-04 - 1224s/epoch - 270ms/step
Epoch 64/80
2025-09-29 16:15:24.330
Epoch 64/80 beta_1: 0.937827   loss: 0.416569, MinusLogProbMetric: 0.416569, val_loss: 0.401649, val_MinusLogProbMetric: 0.401649, lr: 0.000135

Epoch 64: val_loss improved from 0.41914 to 0.40165, saving model to /auto_home/users/acosso/Thesis/outputs/run_53/weights/best_weights.h5
4536/4536 - 1230s - loss: 0.4166 - MinusLogProbMetric: 0.4166 - val_loss: 0.4016 - val_MinusLogProbMetric: 0.4016 - lr: 1.3539e-04 - 1230s/epoch - 271ms/step
Epoch 65/80
2025-09-29 16:36:04.223
Epoch 65/80 beta_1: 0.939487   loss: 0.281833, MinusLogProbMetric: 0.281833, val_loss: 0.305865, val_MinusLogProbMetric: 0.305865, lr: 0.000116

Epoch 65: val_loss improved from 0.40165 to 0.30587, saving model to /auto_home/users/acosso/Thesis/outputs/run_53/weights/best_weights.h5
4536/4536 - 1232s - loss: 0.2818 - MinusLogProbMetric: 0.2818 - val_loss: 0.3059 - val_MinusLogProbMetric: 0.3059 - lr: 1.1632e-04 - 1232s/epoch - 272ms/step
Epoch 66/80
2025-09-29 16:56:31.347
Epoch 66/80 beta_1: 0.941029   loss: 0.151250, MinusLogProbMetric: 0.151250, val_loss: 0.043108, val_MinusLogProbMetric: 0.043108, lr: 0.000099

Epoch 66: val_loss improved from 0.30587 to 0.04311, saving model to /auto_home/users/acosso/Thesis/outputs/run_53/weights/best_weights.h5
4536/4536 - 1222s - loss: 0.1513 - MinusLogProbMetric: 0.1513 - val_loss: 0.0431 - val_MinusLogProbMetric: 0.0431 - lr: 9.8594e-05 - 1222s/epoch - 269ms/step
Epoch 67/80
2025-09-29 17:17:37.205
Epoch 67/80 beta_1: 0.942447   loss: 0.041888, MinusLogProbMetric: 0.041888, val_loss: -0.058210, val_MinusLogProbMetric: -0.058210, lr: 0.000082

Epoch 67: val_loss improved from 0.04311 to -0.05821, saving model to /auto_home/users/acosso/Thesis/outputs/run_53/weights/best_weights.h5
4536/4536 - 1262s - loss: 0.0419 - MinusLogProbMetric: 0.0419 - val_loss: -5.8210e-02 - val_MinusLogProbMetric: -5.8210e-02 - lr: 8.2297e-05 - 1262s/epoch - 278ms/step
Epoch 68/80
2025-09-29 17:38:12.667
Epoch 68/80 beta_1: 0.943734   loss: -0.056847, MinusLogProbMetric: -0.056847, val_loss: -0.139859, val_MinusLogProbMetric: -0.139859, lr: 0.000068

Epoch 68: val_loss improved from -0.05821 to -0.13986, saving model to /auto_home/users/acosso/Thesis/outputs/run_53/weights/best_weights.h5
4536/4536 - 1233s - loss: -5.6847e-02 - MinusLogProbMetric: -5.6847e-02 - val_loss: -1.3986e-01 - val_MinusLogProbMetric: -1.3986e-01 - lr: 6.7504e-05 - 1233s/epoch - 272ms/step
Epoch 69/80
2025-09-29 17:59:03.375
Epoch 69/80 beta_1: 0.944884   loss: -0.144186, MinusLogProbMetric: -0.144186, val_loss: -0.163541, val_MinusLogProbMetric: -0.163541, lr: 0.000054

Epoch 69: val_loss improved from -0.13986 to -0.16354, saving model to /auto_home/users/acosso/Thesis/outputs/run_53/weights/best_weights.h5
4536/4536 - 1246s - loss: -1.4419e-01 - MinusLogProbMetric: -1.4419e-01 - val_loss: -1.6354e-01 - val_MinusLogProbMetric: -1.6354e-01 - lr: 5.4285e-05 - 1246s/epoch - 275ms/step
Epoch 70/80
2025-09-29 18:19:34.962
Epoch 70/80 beta_1: 0.945892   loss: -0.212599, MinusLogProbMetric: -0.212599, val_loss: -0.276774, val_MinusLogProbMetric: -0.276774, lr: 0.000043

Epoch 70: val_loss improved from -0.16354 to -0.27677, saving model to /auto_home/users/acosso/Thesis/outputs/run_53/weights/best_weights.h5
4536/4536 - 1228s - loss: -2.1260e-01 - MinusLogProbMetric: -2.1260e-01 - val_loss: -2.7677e-01 - val_MinusLogProbMetric: -2.7677e-01 - lr: 4.2702e-05 - 1228s/epoch - 271ms/step
Epoch 71/80
2025-09-29 18:40:06.975
Epoch 71/80 beta_1: 0.946753   loss: -0.274767, MinusLogProbMetric: -0.274767, val_loss: -0.283780, val_MinusLogProbMetric: -0.283780, lr: 0.000033

Epoch 71: val_loss improved from -0.27677 to -0.28378, saving model to /auto_home/users/acosso/Thesis/outputs/run_53/weights/best_weights.h5
4536/4536 - 1226s - loss: -2.7477e-01 - MinusLogProbMetric: -2.7477e-01 - val_loss: -2.8378e-01 - val_MinusLogProbMetric: -2.8378e-01 - lr: 3.2807e-05 - 1226s/epoch - 270ms/step
Epoch 72/80
2025-09-29 19:00:37.329
Epoch 72/80 beta_1: 0.947463   loss: -0.322610, MinusLogProbMetric: -0.322610, val_loss: -0.346980, val_MinusLogProbMetric: -0.346980, lr: 0.000025

Epoch 72: val_loss improved from -0.28378 to -0.34698, saving model to /auto_home/users/acosso/Thesis/outputs/run_53/weights/best_weights.h5
4536/4536 - 1226s - loss: -3.2261e-01 - MinusLogProbMetric: -3.2261e-01 - val_loss: -3.4698e-01 - val_MinusLogProbMetric: -3.4698e-01 - lr: 2.4648e-05 - 1226s/epoch - 270ms/step
Epoch 73/80
2025-09-29 19:21:32.839
Epoch 73/80 beta_1: 0.948019   loss: -0.362953, MinusLogProbMetric: -0.362953, val_loss: -0.355907, val_MinusLogProbMetric: -0.355907, lr: 0.000018

Epoch 73: val_loss improved from -0.34698 to -0.35591, saving model to /auto_home/users/acosso/Thesis/outputs/run_53/weights/best_weights.h5
4536/4536 - 1249s - loss: -3.6295e-01 - MinusLogProbMetric: -3.6295e-01 - val_loss: -3.5591e-01 - val_MinusLogProbMetric: -3.5591e-01 - lr: 1.8262e-05 - 1249s/epoch - 275ms/step
Epoch 74/80
2025-09-29 19:42:15.184
Epoch 74/80 beta_1: 0.948417   loss: -0.388725, MinusLogProbMetric: -0.388725, val_loss: -0.412283, val_MinusLogProbMetric: -0.412283, lr: 0.000014

Epoch 74: val_loss improved from -0.35591 to -0.41228, saving model to /auto_home/users/acosso/Thesis/outputs/run_53/weights/best_weights.h5
4536/4536 - 1239s - loss: -3.8872e-01 - MinusLogProbMetric: -3.8872e-01 - val_loss: -4.1228e-01 - val_MinusLogProbMetric: -4.1228e-01 - lr: 1.3679e-05 - 1239s/epoch - 273ms/step
Epoch 75/80
2025-09-29 20:02:46.169
Epoch 75/80 beta_1: 0.948657   loss: -0.418903, MinusLogProbMetric: -0.418903, val_loss: -0.432093, val_MinusLogProbMetric: -0.432093, lr: 0.000011

Epoch 75: val_loss improved from -0.41228 to -0.43209, saving model to /auto_home/users/acosso/Thesis/outputs/run_53/weights/best_weights.h5
4536/4536 - 1228s - loss: -4.1890e-01 - MinusLogProbMetric: -4.1890e-01 - val_loss: -4.3209e-01 - val_MinusLogProbMetric: -4.3209e-01 - lr: 1.0921e-05 - 1228s/epoch - 271ms/step
Epoch 76/80
2025-09-29 20:23:18.934
Epoch 76/80 beta_1: 0.948737   loss: -0.435730, MinusLogProbMetric: -0.435730, val_loss: -0.438118, val_MinusLogProbMetric: -0.438118, lr: 0.000010

Epoch 76: val_loss improved from -0.43209 to -0.43812, saving model to /auto_home/users/acosso/Thesis/outputs/run_53/weights/best_weights.h5
4536/4536 - 1228s - loss: -4.3573e-01 - MinusLogProbMetric: -4.3573e-01 - val_loss: -4.3812e-01 - val_MinusLogProbMetric: -4.3812e-01 - lr: 1.0000e-05 - 1228s/epoch - 271ms/step
Epoch 77/80
2025-09-29 20:43:51.971
Epoch 77/80 beta_1: 0.949053   loss: -0.455319, MinusLogProbMetric: -0.455319, val_loss: -0.457139, val_MinusLogProbMetric: -0.457139, lr: 0.000008

Epoch 77: val_loss improved from -0.43812 to -0.45714, saving model to /auto_home/users/acosso/Thesis/outputs/run_53/weights/best_weights.h5
4536/4536 - 1227s - loss: -4.5532e-01 - MinusLogProbMetric: -4.5532e-01 - val_loss: -4.5714e-01 - val_MinusLogProbMetric: -4.5714e-01 - lr: 7.7500e-06 - 1227s/epoch - 270ms/step
Epoch 78/80
2025-09-29 21:04:37.976
Epoch 78/80 beta_1: 0.949369   loss: -0.471092, MinusLogProbMetric: -0.471092, val_loss: -0.471699, val_MinusLogProbMetric: -0.471699, lr: 0.000006

Epoch 78: val_loss improved from -0.45714 to -0.47170, saving model to /auto_home/users/acosso/Thesis/outputs/run_53/weights/best_weights.h5
4536/4536 - 1242s - loss: -4.7109e-01 - MinusLogProbMetric: -4.7109e-01 - val_loss: -4.7170e-01 - val_MinusLogProbMetric: -4.7170e-01 - lr: 5.5000e-06 - 1242s/epoch - 274ms/step
Epoch 79/80
2025-09-29 21:25:09.261
Epoch 79/80 beta_1: 0.949684   loss: -0.484289, MinusLogProbMetric: -0.484289, val_loss: -0.486126, val_MinusLogProbMetric: -0.486126, lr: 0.000003

Epoch 79: val_loss improved from -0.47170 to -0.48613, saving model to /auto_home/users/acosso/Thesis/outputs/run_53/weights/best_weights.h5
4536/4536 - 1227s - loss: -4.8429e-01 - MinusLogProbMetric: -4.8429e-01 - val_loss: -4.8613e-01 - val_MinusLogProbMetric: -4.8613e-01 - lr: 3.2500e-06 - 1227s/epoch - 271ms/step
Epoch 80/80
2025-09-29 21:46:02.841
Epoch 80/80 beta_1: 0.950000   loss: -0.496486, MinusLogProbMetric: -0.496486, val_loss: -0.497260, val_MinusLogProbMetric: -0.497260, lr: 0.000001

Epoch 80: val_loss improved from -0.48613 to -0.49726, saving model to /auto_home/users/acosso/Thesis/outputs/run_53/weights/best_weights.h5
4536/4536 - 1249s - loss: -4.9649e-01 - MinusLogProbMetric: -4.9649e-01 - val_loss: -4.9726e-01 - val_MinusLogProbMetric: -4.9726e-01 - lr: 1.0000e-06 - 1249s/epoch - 275ms/step
Training completed.
